[0.243s] Invoking command in '/home/pes2ug23cs023/patrol_robot_ws/src/patrol_robot': PYTHONPATH=/home/pes2ug23cs023/patrol_robot_ws/build/patrol_robot/prefix_override:/usr/lib/python3/dist-packages/colcon_core/task/python/colcon_distutils_commands:/home/pes2ug23cs023/patrol_robot_ws/install/patrol_robot/lib/python3.10/site-packages:${PYTHONPATH} /usr/bin/python3 -W ignore:setup.py install is deprecated -W ignore:easy_install command is deprecated setup.py egg_info --egg-base ../../build/patrol_robot build --build-base /home/pes2ug23cs023/patrol_robot_ws/build/patrol_robot/build install --record /home/pes2ug23cs023/patrol_robot_ws/build/patrol_robot/install.log --single-version-externally-managed
[0.332s] running egg_info
[0.332s] writing ../../build/patrol_robot/patrol_robot.egg-info/PKG-INFO
[0.333s] writing dependency_links to ../../build/patrol_robot/patrol_robot.egg-info/dependency_links.txt
[0.333s] writing entry points to ../../build/patrol_robot/patrol_robot.egg-info/entry_points.txt
[0.333s] writing requirements to ../../build/patrol_robot/patrol_robot.egg-info/requires.txt
[0.333s] writing top-level names to ../../build/patrol_robot/patrol_robot.egg-info/top_level.txt
[0.334s] reading manifest file '../../build/patrol_robot/patrol_robot.egg-info/SOURCES.txt'
[0.334s] writing manifest file '../../build/patrol_robot/patrol_robot.egg-info/SOURCES.txt'
[0.334s] running build
[0.334s] running build_py
[0.334s] copying patrol_robot/fake_scan.py -> /home/pes2ug23cs023/patrol_robot_ws/build/patrol_robot/build/lib/patrol_robot
[0.334s] running install
[0.334s] running install_lib
[0.335s] copying /home/pes2ug23cs023/patrol_robot_ws/build/patrol_robot/build/lib/patrol_robot/fake_scan.py -> /home/pes2ug23cs023/patrol_robot_ws/install/patrol_robot/lib/python3.10/site-packages/patrol_robot
[0.335s] byte-compiling /home/pes2ug23cs023/patrol_robot_ws/install/patrol_robot/lib/python3.10/site-packages/patrol_robot/fake_scan.py to fake_scan.cpython-310.pyc
[0.335s] Sorry: IndentationError: expected an indented block after function definition on line 12 (fake_scan.py, line 13)
[0.335s] running install_egg_info
[0.336s] removing '/home/pes2ug23cs023/patrol_robot_ws/install/patrol_robot/lib/python3.10/site-packages/patrol_robot-0.0.0-py3.10.egg-info' (and everything under it)
[0.336s] Copying ../../build/patrol_robot/patrol_robot.egg-info to /home/pes2ug23cs023/patrol_robot_ws/install/patrol_robot/lib/python3.10/site-packages/patrol_robot-0.0.0-py3.10.egg-info
[0.336s] running install_scripts
[0.346s] Installing fake_scan script to /home/pes2ug23cs023/patrol_robot_ws/install/patrol_robot/lib/patrol_robot
[0.346s] Installing intruder_detector script to /home/pes2ug23cs023/patrol_robot_ws/install/patrol_robot/lib/patrol_robot
[0.346s] writing list of installed files to '/home/pes2ug23cs023/patrol_robot_ws/build/patrol_robot/install.log'
[0.358s] Invoked command in '/home/pes2ug23cs023/patrol_robot_ws/src/patrol_robot' returned '0': PYTHONPATH=/home/pes2ug23cs023/patrol_robot_ws/build/patrol_robot/prefix_override:/usr/lib/python3/dist-packages/colcon_core/task/python/colcon_distutils_commands:/home/pes2ug23cs023/patrol_robot_ws/install/patrol_robot/lib/python3.10/site-packages:${PYTHONPATH} /usr/bin/python3 -W ignore:setup.py install is deprecated -W ignore:easy_install command is deprecated setup.py egg_info --egg-base ../../build/patrol_robot build --build-base /home/pes2ug23cs023/patrol_robot_ws/build/patrol_robot/build install --record /home/pes2ug23cs023/patrol_robot_ws/build/patrol_robot/install.log --single-version-externally-managed
