[0.045s] DEBUG:colcon:Command line arguments: ['/usr/bin/colcon', 'build', '--packages-select', 'patrol_control', '--symlink-install']
[0.045s] DEBUG:colcon:Parsed command line arguments: Namespace(log_base=None, log_level=None, verb_name='build', build_base='build', install_base='install', merge_install=False, symlink_install=True, test_result_base=None, continue_on_error=False, executor='parallel', parallel_workers=5, event_handlers=None, ignore_user_meta=False, metas=['./colcon.meta'], base_paths=['.'], packages_ignore=None, packages_ignore_regex=None, paths=None, packages_up_to=None, packages_up_to_regex=None, packages_above=None, packages_above_and_dependencies=None, packages_above_depth=None, packages_select_by_dep=None, packages_skip_by_dep=None, packages_skip_up_to=None, packages_select_build_failed=False, packages_skip_build_finished=False, packages_select_test_failures=False, packages_skip_test_passed=False, packages_select=['patrol_control'], packages_skip=None, packages_select_regex=None, packages_skip_regex=None, packages_start=None, packages_end=None, allow_overriding=[], cmake_args=None, cmake_target=None, cmake_target_skip_unavailable=False, cmake_clean_cache=False, cmake_clean_first=False, cmake_force_configure=False, ament_cmake_args=None, catkin_cmake_args=None, catkin_skip_building_tests=False, mixin_files=None, mixin=None, verb_parser=<colcon_mixin.mixin.mixin_argument.MixinArgumentDecorator object at 0xffffa27ca140>, verb_extension=<colcon_core.verb.build.BuildVerb object at 0xffffa298b7f0>, main=<bound method BuildVerb.main of <colcon_core.verb.build.BuildVerb object at 0xffffa298b7f0>>, mixin_verb=('build',))
[0.111s] Level 1:colcon.colcon_core.package_discovery:discover_packages(colcon_meta) check parameters
[0.111s] Level 1:colcon.colcon_core.package_discovery:discover_packages(recursive) check parameters
[0.111s] Level 1:colcon.colcon_core.package_discovery:discover_packages(ignore) check parameters
[0.111s] Level 1:colcon.colcon_core.package_discovery:discover_packages(path) check parameters
[0.111s] Level 1:colcon.colcon_core.package_discovery:discover_packages(colcon_meta) discover
[0.111s] Level 1:colcon.colcon_core.package_discovery:discover_packages(recursive) discover
[0.111s] INFO:colcon.colcon_core.package_discovery:Crawling recursively for packages in '/home/pes2ug23cs024/MAR_NIGHT_PATROL_ROBOT'
[0.111s] Level 1:colcon.colcon_core.package_identification:_identify(.) by extensions ['ignore', 'ignore_ament_install']
[0.111s] Level 1:colcon.colcon_core.package_identification:_identify(.) by extension 'ignore'
[0.111s] Level 1:colcon.colcon_core.package_identification:_identify(.) by extension 'ignore_ament_install'
[0.111s] Level 1:colcon.colcon_core.package_identification:_identify(.) by extensions ['colcon_pkg']
[0.111s] Level 1:colcon.colcon_core.package_identification:_identify(.) by extension 'colcon_pkg'
[0.111s] Level 1:colcon.colcon_core.package_identification:_identify(.) by extensions ['colcon_meta']
[0.111s] Level 1:colcon.colcon_core.package_identification:_identify(.) by extension 'colcon_meta'
[0.111s] Level 1:colcon.colcon_core.package_identification:_identify(.) by extensions ['ros']
[0.111s] Level 1:colcon.colcon_core.package_identification:_identify(.) by extension 'ros'
[0.116s] Level 1:colcon.colcon_core.package_identification:_identify(.) by extensions ['cmake', 'python']
[0.116s] Level 1:colcon.colcon_core.package_identification:_identify(.) by extension 'cmake'
[0.116s] Level 1:colcon.colcon_core.package_identification:_identify(.) by extension 'python'
[0.116s] Level 1:colcon.colcon_core.package_identification:_identify(.) by extensions ['python_setup_py']
[0.116s] Level 1:colcon.colcon_core.package_identification:_identify(.) by extension 'python_setup_py'
[0.116s] Level 1:colcon.colcon_core.package_identification:_identify(build) by extensions ['ignore', 'ignore_ament_install']
[0.116s] Level 1:colcon.colcon_core.package_identification:_identify(build) by extension 'ignore'
[0.116s] Level 1:colcon.colcon_core.package_identification:_identify(build) ignored
[0.116s] Level 1:colcon.colcon_core.package_identification:_identify(install) by extensions ['ignore', 'ignore_ament_install']
[0.116s] Level 1:colcon.colcon_core.package_identification:_identify(install) by extension 'ignore'
[0.116s] Level 1:colcon.colcon_core.package_identification:_identify(install) ignored
[0.116s] Level 1:colcon.colcon_core.package_identification:_identify(log) by extensions ['ignore', 'ignore_ament_install']
[0.116s] Level 1:colcon.colcon_core.package_identification:_identify(log) by extension 'ignore'
[0.116s] Level 1:colcon.colcon_core.package_identification:_identify(log) ignored
[0.116s] Level 1:colcon.colcon_core.package_identification:_identify(src) by extensions ['ignore', 'ignore_ament_install']
[0.116s] Level 1:colcon.colcon_core.package_identification:_identify(src) by extension 'ignore'
[0.116s] Level 1:colcon.colcon_core.package_identification:_identify(src) by extension 'ignore_ament_install'
[0.116s] Level 1:colcon.colcon_core.package_identification:_identify(src) by extensions ['colcon_pkg']
[0.116s] Level 1:colcon.colcon_core.package_identification:_identify(src) by extension 'colcon_pkg'
[0.116s] Level 1:colcon.colcon_core.package_identification:_identify(src) by extensions ['colcon_meta']
[0.116s] Level 1:colcon.colcon_core.package_identification:_identify(src) by extension 'colcon_meta'
[0.116s] Level 1:colcon.colcon_core.package_identification:_identify(src) by extensions ['ros']
[0.116s] Level 1:colcon.colcon_core.package_identification:_identify(src) by extension 'ros'
[0.116s] Level 1:colcon.colcon_core.package_identification:_identify(src) by extensions ['cmake', 'python']
[0.116s] Level 1:colcon.colcon_core.package_identification:_identify(src) by extension 'cmake'
[0.116s] Level 1:colcon.colcon_core.package_identification:_identify(src) by extension 'python'
[0.116s] Level 1:colcon.colcon_core.package_identification:_identify(src) by extensions ['python_setup_py']
[0.116s] Level 1:colcon.colcon_core.package_identification:_identify(src) by extension 'python_setup_py'
[0.117s] Level 1:colcon.colcon_core.package_identification:_identify(src/learning_tf2_cpp) by extensions ['ignore', 'ignore_ament_install']
[0.117s] Level 1:colcon.colcon_core.package_identification:_identify(src/learning_tf2_cpp) by extension 'ignore'
[0.117s] Level 1:colcon.colcon_core.package_identification:_identify(src/learning_tf2_cpp) by extension 'ignore_ament_install'
[0.117s] Level 1:colcon.colcon_core.package_identification:_identify(src/learning_tf2_cpp) by extensions ['colcon_pkg']
[0.117s] Level 1:colcon.colcon_core.package_identification:_identify(src/learning_tf2_cpp) by extension 'colcon_pkg'
[0.117s] Level 1:colcon.colcon_core.package_identification:_identify(src/learning_tf2_cpp) by extensions ['colcon_meta']
[0.117s] Level 1:colcon.colcon_core.package_identification:_identify(src/learning_tf2_cpp) by extension 'colcon_meta'
[0.117s] Level 1:colcon.colcon_core.package_identification:_identify(src/learning_tf2_cpp) by extensions ['ros']
[0.117s] Level 1:colcon.colcon_core.package_identification:_identify(src/learning_tf2_cpp) by extension 'ros'
[0.118s] DEBUG:colcon.colcon_core.package_identification:Package 'src/learning_tf2_cpp' with type 'ros.ament_cmake' and name 'learning_tf2_cpp'
[0.118s] Level 1:colcon.colcon_core.package_identification:_identify(src/patrol_control) by extensions ['ignore', 'ignore_ament_install']
[0.118s] Level 1:colcon.colcon_core.package_identification:_identify(src/patrol_control) by extension 'ignore'
[0.118s] Level 1:colcon.colcon_core.package_identification:_identify(src/patrol_control) by extension 'ignore_ament_install'
[0.118s] Level 1:colcon.colcon_core.package_identification:_identify(src/patrol_control) by extensions ['colcon_pkg']
[0.118s] Level 1:colcon.colcon_core.package_identification:_identify(src/patrol_control) by extension 'colcon_pkg'
[0.118s] Level 1:colcon.colcon_core.package_identification:_identify(src/patrol_control) by extensions ['colcon_meta']
[0.118s] Level 1:colcon.colcon_core.package_identification:_identify(src/patrol_control) by extension 'colcon_meta'
[0.118s] Level 1:colcon.colcon_core.package_identification:_identify(src/patrol_control) by extensions ['ros']
[0.118s] Level 1:colcon.colcon_core.package_identification:_identify(src/patrol_control) by extension 'ros'
[0.118s] DEBUG:colcon.colcon_core.package_identification:Package 'src/patrol_control' with type 'ros.ament_python' and name 'patrol_control'
[0.118s] Level 1:colcon.colcon_core.package_discovery:discover_packages(recursive) using defaults
[0.118s] Level 1:colcon.colcon_core.package_discovery:discover_packages(ignore) discover
[0.118s] Level 1:colcon.colcon_core.package_discovery:discover_packages(ignore) using defaults
[0.118s] Level 1:colcon.colcon_core.package_discovery:discover_packages(path) discover
[0.118s] Level 1:colcon.colcon_core.package_discovery:discover_packages(path) using defaults
[0.131s] INFO:colcon.colcon_core.package_selection:Skipping not selected package 'learning_tf2_cpp' in 'src/learning_tf2_cpp'
[0.131s] Level 1:colcon.colcon_core.package_discovery:discover_packages(prefix_path) check parameters
[0.131s] Level 1:colcon.colcon_core.package_discovery:discover_packages(prefix_path) discover
[0.132s] DEBUG:colcon.colcon_installed_package_information.package_discovery:Found 338 installed packages in /opt/ros/humble
[0.133s] Level 1:colcon.colcon_core.package_discovery:discover_packages(prefix_path) using defaults
[0.151s] Level 5:colcon.colcon_core.verb:set package 'patrol_control' build argument 'cmake_args' from command line to 'None'
[0.151s] Level 5:colcon.colcon_core.verb:set package 'patrol_control' build argument 'cmake_target' from command line to 'None'
[0.151s] Level 5:colcon.colcon_core.verb:set package 'patrol_control' build argument 'cmake_target_skip_unavailable' from command line to 'False'
[0.151s] Level 5:colcon.colcon_core.verb:set package 'patrol_control' build argument 'cmake_clean_cache' from command line to 'False'
[0.151s] Level 5:colcon.colcon_core.verb:set package 'patrol_control' build argument 'cmake_clean_first' from command line to 'False'
[0.152s] Level 5:colcon.colcon_core.verb:set package 'patrol_control' build argument 'cmake_force_configure' from command line to 'False'
[0.152s] Level 5:colcon.colcon_core.verb:set package 'patrol_control' build argument 'ament_cmake_args' from command line to 'None'
[0.152s] Level 5:colcon.colcon_core.verb:set package 'patrol_control' build argument 'catkin_cmake_args' from command line to 'None'
[0.152s] Level 5:colcon.colcon_core.verb:set package 'patrol_control' build argument 'catkin_skip_building_tests' from command line to 'False'
[0.152s] DEBUG:colcon.colcon_core.verb:Building package 'patrol_control' with the following arguments: {'ament_cmake_args': None, 'build_base': '/home/pes2ug23cs024/MAR_NIGHT_PATROL_ROBOT/build/patrol_control', 'catkin_cmake_args': None, 'catkin_skip_building_tests': False, 'cmake_args': None, 'cmake_clean_cache': False, 'cmake_clean_first': False, 'cmake_force_configure': False, 'cmake_target': None, 'cmake_target_skip_unavailable': False, 'install_base': '/home/pes2ug23cs024/MAR_NIGHT_PATROL_ROBOT/install/patrol_control', 'merge_install': False, 'path': '/home/pes2ug23cs024/MAR_NIGHT_PATROL_ROBOT/src/patrol_control', 'symlink_install': True, 'test_result_base': None}
[0.152s] INFO:colcon.colcon_core.executor:Executing jobs using 'parallel' executor
[0.152s] DEBUG:colcon.colcon_parallel_executor.executor.parallel:run_until_complete
[0.152s] INFO:colcon.colcon_ros.task.ament_python.build:Building ROS package in '/home/pes2ug23cs024/MAR_NIGHT_PATROL_ROBOT/src/patrol_control' with build type 'ament_python'
[0.152s] Level 1:colcon.colcon_core.shell:create_environment_hook('patrol_control', 'ament_prefix_path')
[0.153s] INFO:colcon.colcon_core.plugin_system:Skipping extension 'colcon_core.shell.bat': Not used on non-Windows systems
[0.153s] INFO:colcon.colcon_core.shell:Creating environment hook '/home/pes2ug23cs024/MAR_NIGHT_PATROL_ROBOT/install/patrol_control/share/patrol_control/hook/ament_prefix_path.ps1'
[0.156s] INFO:colcon.colcon_core.shell:Creating environment descriptor '/home/pes2ug23cs024/MAR_NIGHT_PATROL_ROBOT/install/patrol_control/share/patrol_control/hook/ament_prefix_path.dsv'
[0.157s] INFO:colcon.colcon_core.shell:Creating environment hook '/home/pes2ug23cs024/MAR_NIGHT_PATROL_ROBOT/install/patrol_control/share/patrol_control/hook/ament_prefix_path.sh'
[0.157s] INFO:colcon.colcon_core.shell:Skip shell extension 'powershell' for command environment: Not usable outside of PowerShell
[0.157s] DEBUG:colcon.colcon_core.shell:Skip shell extension 'dsv' for command environment
[0.251s] INFO:colcon.colcon_core.task.python.build:Building Python package in '/home/pes2ug23cs024/MAR_NIGHT_PATROL_ROBOT/src/patrol_control'
[0.251s] INFO:colcon.colcon_core.shell:Skip shell extension 'powershell' for command environment: Not usable outside of PowerShell
[0.251s] DEBUG:colcon.colcon_core.shell:Skip shell extension 'dsv' for command environment
[0.394s] DEBUG:colcon.colcon_core.event_handler.log_command:Invoking command in '/home/pes2ug23cs024/MAR_NIGHT_PATROL_ROBOT/build/patrol_control': PYTHONPATH=/home/pes2ug23cs024/MAR_NIGHT_PATROL_ROBOT/build/patrol_control/prefix_override:/usr/lib/python3/dist-packages/colcon_core/task/python/colcon_distutils_commands:/home/pes2ug23cs024/MAR_NIGHT_PATROL_ROBOT/install/patrol_control/lib/python3.10/site-packages:${PYTHONPATH} /usr/bin/python3 -W ignore:setup.py install is deprecated -W ignore:easy_install command is deprecated setup.py develop --editable --build-directory /home/pes2ug23cs024/MAR_NIGHT_PATROL_ROBOT/build/patrol_control/build --no-deps symlink_data
[0.560s] Level 1:colcon.colcon_core.shell:create_environment_hook('patrol_control', 'pythonpath_develop')
[0.560s] INFO:colcon.colcon_core.shell:Creating environment hook '/home/pes2ug23cs024/MAR_NIGHT_PATROL_ROBOT/build/patrol_control/share/patrol_control/hook/pythonpath_develop.ps1'
[0.560s] DEBUG:colcon.colcon_core.event_handler.log_command:Invoked command in '/home/pes2ug23cs024/MAR_NIGHT_PATROL_ROBOT/build/patrol_control' returned '0': PYTHONPATH=/home/pes2ug23cs024/MAR_NIGHT_PATROL_ROBOT/build/patrol_control/prefix_override:/usr/lib/python3/dist-packages/colcon_core/task/python/colcon_distutils_commands:/home/pes2ug23cs024/MAR_NIGHT_PATROL_ROBOT/install/patrol_control/lib/python3.10/site-packages:${PYTHONPATH} /usr/bin/python3 -W ignore:setup.py install is deprecated -W ignore:easy_install command is deprecated setup.py develop --editable --build-directory /home/pes2ug23cs024/MAR_NIGHT_PATROL_ROBOT/build/patrol_control/build --no-deps symlink_data
[0.560s] INFO:colcon.colcon_core.shell:Creating environment descriptor '/home/pes2ug23cs024/MAR_NIGHT_PATROL_ROBOT/build/patrol_control/share/patrol_control/hook/pythonpath_develop.dsv'
[0.560s] INFO:colcon.colcon_core.shell:Creating environment hook '/home/pes2ug23cs024/MAR_NIGHT_PATROL_ROBOT/build/patrol_control/share/patrol_control/hook/pythonpath_develop.sh'
[0.562s] Level 1:colcon.colcon_core.environment:checking '/home/pes2ug23cs024/MAR_NIGHT_PATROL_ROBOT/install/patrol_control' for CMake module files
[0.562s] Level 1:colcon.colcon_core.environment:checking '/home/pes2ug23cs024/MAR_NIGHT_PATROL_ROBOT/install/patrol_control' for CMake config files
[0.562s] Level 1:colcon.colcon_core.environment:checking '/home/pes2ug23cs024/MAR_NIGHT_PATROL_ROBOT/install/patrol_control/lib'
[0.562s] Level 1:colcon.colcon_core.environment:checking '/home/pes2ug23cs024/MAR_NIGHT_PATROL_ROBOT/install/patrol_control/bin'
[0.562s] Level 1:colcon.colcon_core.environment:checking '/home/pes2ug23cs024/MAR_NIGHT_PATROL_ROBOT/install/patrol_control/lib/pkgconfig/patrol_control.pc'
[0.562s] Level 1:colcon.colcon_core.environment:checking '/home/pes2ug23cs024/MAR_NIGHT_PATROL_ROBOT/install/patrol_control/lib/python3.10/site-packages'
[0.562s] Level 1:colcon.colcon_core.shell:create_environment_hook('patrol_control', 'pythonpath')
[0.562s] INFO:colcon.colcon_core.shell:Creating environment hook '/home/pes2ug23cs024/MAR_NIGHT_PATROL_ROBOT/install/patrol_control/share/patrol_control/hook/pythonpath.ps1'
[0.563s] INFO:colcon.colcon_core.shell:Creating environment descriptor '/home/pes2ug23cs024/MAR_NIGHT_PATROL_ROBOT/install/patrol_control/share/patrol_control/hook/pythonpath.dsv'
[0.563s] INFO:colcon.colcon_core.shell:Creating environment hook '/home/pes2ug23cs024/MAR_NIGHT_PATROL_ROBOT/install/patrol_control/share/patrol_control/hook/pythonpath.sh'
[0.563s] Level 1:colcon.colcon_core.environment:checking '/home/pes2ug23cs024/MAR_NIGHT_PATROL_ROBOT/install/patrol_control/bin'
[0.563s] Level 1:colcon.colcon_core.environment:create_environment_scripts_only(patrol_control)
[0.563s] INFO:colcon.colcon_core.shell:Creating package script '/home/pes2ug23cs024/MAR_NIGHT_PATROL_ROBOT/install/patrol_control/share/patrol_control/package.ps1'
[0.563s] INFO:colcon.colcon_core.shell:Creating package descriptor '/home/pes2ug23cs024/MAR_NIGHT_PATROL_ROBOT/install/patrol_control/share/patrol_control/package.dsv'
[0.564s] INFO:colcon.colcon_core.shell:Creating package script '/home/pes2ug23cs024/MAR_NIGHT_PATROL_ROBOT/install/patrol_control/share/patrol_control/package.sh'
[0.564s] INFO:colcon.colcon_core.shell:Creating package script '/home/pes2ug23cs024/MAR_NIGHT_PATROL_ROBOT/install/patrol_control/share/patrol_control/package.bash'
[0.564s] INFO:colcon.colcon_core.shell:Creating package script '/home/pes2ug23cs024/MAR_NIGHT_PATROL_ROBOT/install/patrol_control/share/patrol_control/package.zsh'
[0.564s] Level 1:colcon.colcon_core.environment:create_file_with_runtime_dependencies(/home/pes2ug23cs024/MAR_NIGHT_PATROL_ROBOT/install/patrol_control/share/colcon-core/packages/patrol_control)
[0.565s] DEBUG:colcon.colcon_parallel_executor.executor.parallel:closing loop
[0.565s] DEBUG:colcon.colcon_parallel_executor.executor.parallel:loop closed
[0.565s] DEBUG:colcon.colcon_parallel_executor.executor.parallel:run_until_complete finished with '0'
[0.565s] DEBUG:colcon.colcon_core.event_reactor:joining thread
[0.567s] INFO:colcon.colcon_core.plugin_system:Skipping extension 'colcon_notification.desktop_notification.terminal_notifier': Not used on non-Darwin systems
[0.567s] INFO:colcon.colcon_core.plugin_system:Skipping extension 'colcon_notification.desktop_notification.win32': Not used on non-Windows systems
[0.567s] INFO:colcon.colcon_notification.desktop_notification:Sending desktop notification using 'notify2'
[0.587s] DEBUG:colcon.colcon_core.event_reactor:joined thread
[0.587s] INFO:colcon.colcon_core.shell:Creating prefix script '/home/pes2ug23cs024/MAR_NIGHT_PATROL_ROBOT/install/local_setup.ps1'
[0.588s] INFO:colcon.colcon_core.shell:Creating prefix util module '/home/pes2ug23cs024/MAR_NIGHT_PATROL_ROBOT/install/_local_setup_util_ps1.py'
[0.588s] INFO:colcon.colcon_core.shell:Creating prefix chain script '/home/pes2ug23cs024/MAR_NIGHT_PATROL_ROBOT/install/setup.ps1'
[0.589s] INFO:colcon.colcon_core.shell:Creating prefix script '/home/pes2ug23cs024/MAR_NIGHT_PATROL_ROBOT/install/local_setup.sh'
[0.589s] INFO:colcon.colcon_core.shell:Creating prefix util module '/home/pes2ug23cs024/MAR_NIGHT_PATROL_ROBOT/install/_local_setup_util_sh.py'
[0.589s] INFO:colcon.colcon_core.shell:Creating prefix chain script '/home/pes2ug23cs024/MAR_NIGHT_PATROL_ROBOT/install/setup.sh'
[0.589s] INFO:colcon.colcon_core.shell:Creating prefix script '/home/pes2ug23cs024/MAR_NIGHT_PATROL_ROBOT/install/local_setup.bash'
[0.590s] INFO:colcon.colcon_core.shell:Creating prefix chain script '/home/pes2ug23cs024/MAR_NIGHT_PATROL_ROBOT/install/setup.bash'
[0.590s] INFO:colcon.colcon_core.shell:Creating prefix script '/home/pes2ug23cs024/MAR_NIGHT_PATROL_ROBOT/install/local_setup.zsh'
[0.590s] INFO:colcon.colcon_core.shell:Creating prefix chain script '/home/pes2ug23cs024/MAR_NIGHT_PATROL_ROBOT/install/setup.zsh'
