[0.242s] Invoking command in '/home/pes2ug23cs023/patrol_robot_ws/src/patrol_robot': PYTHONPATH=/home/pes2ug23cs023/patrol_robot_ws/build/patrol_robot/prefix_override:/usr/lib/python3/dist-packages/colcon_core/task/python/colcon_distutils_commands:/home/pes2ug23cs023/patrol_robot_ws/install/patrol_robot/lib/python3.10/site-packages:${PYTHONPATH} /usr/bin/python3 -W ignore:setup.py install is deprecated -W ignore:easy_install command is deprecated setup.py egg_info --egg-base ../../build/patrol_robot build --build-base /home/pes2ug23cs023/patrol_robot_ws/build/patrol_robot/build install --record /home/pes2ug23cs023/patrol_robot_ws/build/patrol_robot/install.log --single-version-externally-managed
[0.327s] running egg_info
[0.327s] writing ../../build/patrol_robot/patrol_robot.egg-info/PKG-INFO
[0.327s] writing dependency_links to ../../build/patrol_robot/patrol_robot.egg-info/dependency_links.txt
[0.327s] writing entry points to ../../build/patrol_robot/patrol_robot.egg-info/entry_points.txt
[0.328s] writing requirements to ../../build/patrol_robot/patrol_robot.egg-info/requires.txt
[0.328s] writing top-level names to ../../build/patrol_robot/patrol_robot.egg-info/top_level.txt
[0.328s] reading manifest file '../../build/patrol_robot/patrol_robot.egg-info/SOURCES.txt'
[0.329s] writing manifest file '../../build/patrol_robot/patrol_robot.egg-info/SOURCES.txt'
[0.329s] running build
[0.329s] running build_py
[0.329s] copying patrol_robot/intruder_detector.py -> /home/pes2ug23cs023/patrol_robot_ws/build/patrol_robot/build/lib/patrol_robot
[0.329s] running install
[0.329s] running install_lib
[0.329s] copying /home/pes2ug23cs023/patrol_robot_ws/build/patrol_robot/build/lib/patrol_robot/intruder_detector.py -> /home/pes2ug23cs023/patrol_robot_ws/install/patrol_robot/lib/python3.10/site-packages/patrol_robot
[0.330s] byte-compiling /home/pes2ug23cs023/patrol_robot_ws/install/patrol_robot/lib/python3.10/site-packages/patrol_robot/intruder_detector.py to intruder_detector.cpython-310.pyc
[0.330s] running install_egg_info
[0.331s] removing '/home/pes2ug23cs023/patrol_robot_ws/install/patrol_robot/lib/python3.10/site-packages/patrol_robot-0.0.0-py3.10.egg-info' (and everything under it)
[0.331s] Copying ../../build/patrol_robot/patrol_robot.egg-info to /home/pes2ug23cs023/patrol_robot_ws/install/patrol_robot/lib/python3.10/site-packages/patrol_robot-0.0.0-py3.10.egg-info
[0.331s] running install_scripts
[0.344s] Installing fake_scan script to /home/pes2ug23cs023/patrol_robot_ws/install/patrol_robot/lib/patrol_robot
[0.344s] Installing intruder_detector script to /home/pes2ug23cs023/patrol_robot_ws/install/patrol_robot/lib/patrol_robot
[0.344s] writing list of installed files to '/home/pes2ug23cs023/patrol_robot_ws/build/patrol_robot/install.log'
[0.351s] Invoked command in '/home/pes2ug23cs023/patrol_robot_ws/src/patrol_robot' returned '0': PYTHONPATH=/home/pes2ug23cs023/patrol_robot_ws/build/patrol_robot/prefix_override:/usr/lib/python3/dist-packages/colcon_core/task/python/colcon_distutils_commands:/home/pes2ug23cs023/patrol_robot_ws/install/patrol_robot/lib/python3.10/site-packages:${PYTHONPATH} /usr/bin/python3 -W ignore:setup.py install is deprecated -W ignore:easy_install command is deprecated setup.py egg_info --egg-base ../../build/patrol_robot build --build-base /home/pes2ug23cs023/patrol_robot_ws/build/patrol_robot/build install --record /home/pes2ug23cs023/patrol_robot_ws/build/patrol_robot/install.log --single-version-externally-managed
