-- The C compiler identification is GNU 11.4.0
-- The CXX compiler identification is GNU 11.4.0
-- Detecting C compiler ABI info
-- Detecting C compiler ABI info - done
-- Check for working C compiler: /usr/bin/cc - skipped
-- Detecting C compile features
-- Detecting C compile features - done
-- Detecting CXX compiler ABI info
-- Detecting CXX compiler ABI info - done
-- Check for working CXX compiler: /usr/bin/c++ - skipped
-- Detecting CXX compile features
-- Detecting CXX compile features - done
-- Found ament_cmake: 1.3.14 (/opt/ros/humble/share/ament_cmake/cmake)
-- Found Python3: /usr/bin/python3 (found version "3.10.12") found components: Interpreter 
-- Override CMake install command with custom implementation using symlinks instead of copying resources
-- Found geometry_msgs: 4.9.1 (/opt/ros/humble/share/geometry_msgs/cmake)
-- Found rosidl_generator_c: 3.1.8 (/opt/ros/humble/share/rosidl_generator_c/cmake)
-- Found rosidl_adapter: 3.1.8 (/opt/ros/humble/share/rosidl_adapter/cmake)
-- Found rosidl_generator_cpp: 3.1.8 (/opt/ros/humble/share/rosidl_generator_cpp/cmake)
-- Using all available rosidl_typesupport_c: rosidl_typesupport_fastrtps_c;rosidl_typesupport_introspection_c
-- Using all available rosidl_typesupport_cpp: rosidl_typesupport_fastrtps_cpp;rosidl_typesupport_introspection_cpp
-- Found rclcpp: 16.0.18 (/opt/ros/humble/share/rclcpp/cmake)
-- Found rmw_implementation_cmake: 6.1.2 (/opt/ros/humble/share/rmw_implementation_cmake/cmake)
-- Found rmw_fastrtps_cpp: 6.2.10 (/opt/ros/humble/share/rmw_fastrtps_cpp/cmake)
-- Found OpenSSL: /usr/lib/aarch64-linux-gnu/libcrypto.so (found version "3.0.2")  
-- Found FastRTPS: /opt/ros/humble/include  
-- Using RMW implementation 'rmw_fastrtps_cpp' as default
-- Looking for pthread.h
-- Looking for pthread.h - found
-- Performing Test CMAKE_HAVE_LIBC_PTHREAD
-- Performing Test CMAKE_HAVE_LIBC_PTHREAD - Success
-- Found Threads: TRUE  
-- Found tf2: 0.25.19 (/opt/ros/humble/share/tf2/cmake)
-- Found tf2_ros: 0.25.19 (/opt/ros/humble/share/tf2_ros/cmake)
-- Found turtlesim: 1.4.3 (/opt/ros/humble/share/turtlesim/cmake)
-- Found ament_lint_auto: 0.12.15 (/opt/ros/humble/share/ament_lint_auto/cmake)
-- Added test 'cppcheck' to perform static code analysis on C / C++ code
-- Configured cppcheck include dirs: 
-- Configured cppcheck exclude dirs and/or files: 
-- Added test 'flake8' to check Python code syntax and style conventions
-- Added test 'lint_cmake' to check CMake code style
-- Added test 'pep257' to check Python code against some of the docstring style conventions in PEP 257
-- Added test 'uncrustify' to check C / C++ code style
-- Configured uncrustify additional arguments: 
-- Added test 'xmllint' to check XML markup files
-- Configuring done
-- Generating done
-- Build files have been written to: /home/pes2ug23cs024/MAR_NIGHT_PATROL_ROBOT/build/learning_tf2_cpp
[ 10%] Building CXX object CMakeFiles/fixed_frame_tf2_broadcaster.dir/src/fixed_frame_tf2_broadcaster.cpp.o
[ 20%] Building CXX object CMakeFiles/turtle_tf2_broadcaster.dir/src/turtle_tf2_broadcaster.cpp.o
[ 30%] Building CXX object CMakeFiles/static_turtle_tf2_broadcaster.dir/src/static_turtle_tf2_broadcaster.cpp.o
[ 40%] Building CXX object CMakeFiles/turtle_tf2_listener.dir/src/turtle_tf2_listener.cpp.o
[ 50%] Building CXX object CMakeFiles/dynamic_frame_tf2_broadcaster.dir/src/dynamic_frame_tf2_broadcaster.cpp.o
[ 60%] Linking CXX executable fixed_frame_tf2_broadcaster
[ 60%] Built target fixed_frame_tf2_broadcaster
[ 70%] Linking CXX executable static_turtle_tf2_broadcaster
[ 80%] Linking CXX executable dynamic_frame_tf2_broadcaster
[ 80%] Built target static_turtle_tf2_broadcaster
[ 80%] Built target dynamic_frame_tf2_broadcaster
[ 90%] Linking CXX executable turtle_tf2_listener
[ 90%] Built target turtle_tf2_listener
[100%] Linking CXX executable turtle_tf2_broadcaster
[100%] Built target turtle_tf2_broadcaster
-- Install configuration: ""
-- Execute custom install script
-- Symlinking: /home/pes2ug23cs024/MAR_NIGHT_PATROL_ROBOT/install/learning_tf2_cpp/lib/learning_tf2_cpp/static_turtle_tf2_broadcaster
-- Symlinking: /home/pes2ug23cs024/MAR_NIGHT_PATROL_ROBOT/install/learning_tf2_cpp/lib/learning_tf2_cpp/turtle_tf2_broadcaster
-- Symlinking: /home/pes2ug23cs024/MAR_NIGHT_PATROL_ROBOT/install/learning_tf2_cpp/share/learning_tf2_cpp/launch/turtle_tf2_demo_launch.py
-- Symlinking: /home/pes2ug23cs024/MAR_NIGHT_PATROL_ROBOT/install/learning_tf2_cpp/share/learning_tf2_cpp/launch/turtle_tf2_demo_launch.xml
-- Symlinking: /home/pes2ug23cs024/MAR_NIGHT_PATROL_ROBOT/install/learning_tf2_cpp/share/learning_tf2_cpp/launch/turtle_tf2_dynamic_frame_demo_launch.py
-- Symlinking: /home/pes2ug23cs024/MAR_NIGHT_PATROL_ROBOT/install/learning_tf2_cpp/share/learning_tf2_cpp/launch/turtle_tf2_fixed_frame_demo_launch.py
-- Symlinking: /home/pes2ug23cs024/MAR_NIGHT_PATROL_ROBOT/install/learning_tf2_cpp/lib/learning_tf2_cpp/turtle_tf2_listener
-- Symlinking: /home/pes2ug23cs024/MAR_NIGHT_PATROL_ROBOT/install/learning_tf2_cpp/lib/learning_tf2_cpp/fixed_frame_tf2_broadcaster
-- Symlinking: /home/pes2ug23cs024/MAR_NIGHT_PATROL_ROBOT/install/learning_tf2_cpp/lib/learning_tf2_cpp/dynamic_frame_tf2_broadcaster
-- Symlinking: /home/pes2ug23cs024/MAR_NIGHT_PATROL_ROBOT/install/learning_tf2_cpp/share/ament_index/resource_index/package_run_dependencies/learning_tf2_cpp
-- Symlinking: /home/pes2ug23cs024/MAR_NIGHT_PATROL_ROBOT/install/learning_tf2_cpp/share/ament_index/resource_index/parent_prefix_path/learning_tf2_cpp
-- Symlinking: /home/pes2ug23cs024/MAR_NIGHT_PATROL_ROBOT/install/learning_tf2_cpp/share/learning_tf2_cpp/environment/ament_prefix_path.sh
-- Symlinking: /home/pes2ug23cs024/MAR_NIGHT_PATROL_ROBOT/install/learning_tf2_cpp/share/learning_tf2_cpp/environment/ament_prefix_path.dsv
-- Symlinking: /home/pes2ug23cs024/MAR_NIGHT_PATROL_ROBOT/install/learning_tf2_cpp/share/learning_tf2_cpp/environment/path.sh
-- Symlinking: /home/pes2ug23cs024/MAR_NIGHT_PATROL_ROBOT/install/learning_tf2_cpp/share/learning_tf2_cpp/environment/path.dsv
-- Symlinking: /home/pes2ug23cs024/MAR_NIGHT_PATROL_ROBOT/install/learning_tf2_cpp/share/learning_tf2_cpp/local_setup.bash
-- Symlinking: /home/pes2ug23cs024/MAR_NIGHT_PATROL_ROBOT/install/learning_tf2_cpp/share/learning_tf2_cpp/local_setup.sh
-- Symlinking: /home/pes2ug23cs024/MAR_NIGHT_PATROL_ROBOT/install/learning_tf2_cpp/share/learning_tf2_cpp/local_setup.zsh
-- Symlinking: /home/pes2ug23cs024/MAR_NIGHT_PATROL_ROBOT/install/learning_tf2_cpp/share/learning_tf2_cpp/local_setup.dsv
-- Symlinking: /home/pes2ug23cs024/MAR_NIGHT_PATROL_ROBOT/install/learning_tf2_cpp/share/learning_tf2_cpp/package.dsv
-- Symlinking: /home/pes2ug23cs024/MAR_NIGHT_PATROL_ROBOT/install/learning_tf2_cpp/share/ament_index/resource_index/packages/learning_tf2_cpp
-- Symlinking: /home/pes2ug23cs024/MAR_NIGHT_PATROL_ROBOT/install/learning_tf2_cpp/share/learning_tf2_cpp/cmake/learning_tf2_cppConfig.cmake
-- Symlinking: /home/pes2ug23cs024/MAR_NIGHT_PATROL_ROBOT/install/learning_tf2_cpp/share/learning_tf2_cpp/cmake/learning_tf2_cppConfig-version.cmake
-- Symlinking: /home/pes2ug23cs024/MAR_NIGHT_PATROL_ROBOT/install/learning_tf2_cpp/share/learning_tf2_cpp/package.xml
