[0.254s] Invoking command in '/home/pes2ug23cs023/patrol_robot_ws/src/patrol_robot': PYTHONPATH=/home/pes2ug23cs023/patrol_robot_ws/build/patrol_robot/prefix_override:/usr/lib/python3/dist-packages/colcon_core/task/python/colcon_distutils_commands:/home/pes2ug23cs023/patrol_robot_ws/install/patrol_robot/lib/python3.10/site-packages:${PYTHONPATH} /usr/bin/python3 -W ignore:setup.py install is deprecated -W ignore:easy_install command is deprecated setup.py egg_info --egg-base ../../build/patrol_robot build --build-base /home/pes2ug23cs023/patrol_robot_ws/build/patrol_robot/build install --record /home/pes2ug23cs023/patrol_robot_ws/build/patrol_robot/install.log --single-version-externally-managed
[0.343s] running egg_info
[0.343s] creating ../../build/patrol_robot/patrol_robot.egg-info
[0.343s] writing ../../build/patrol_robot/patrol_robot.egg-info/PKG-INFO
[0.344s] writing dependency_links to ../../build/patrol_robot/patrol_robot.egg-info/dependency_links.txt
[0.344s] writing entry points to ../../build/patrol_robot/patrol_robot.egg-info/entry_points.txt
[0.344s] writing requirements to ../../build/patrol_robot/patrol_robot.egg-info/requires.txt
[0.344s] writing top-level names to ../../build/patrol_robot/patrol_robot.egg-info/top_level.txt
[0.344s] writing manifest file '../../build/patrol_robot/patrol_robot.egg-info/SOURCES.txt'
[0.344s] reading manifest file '../../build/patrol_robot/patrol_robot.egg-info/SOURCES.txt'
[0.345s] writing manifest file '../../build/patrol_robot/patrol_robot.egg-info/SOURCES.txt'
[0.345s] running build
[0.345s] running build_py
[0.345s] creating /home/pes2ug23cs023/patrol_robot_ws/build/patrol_robot/build
[0.345s] creating /home/pes2ug23cs023/patrol_robot_ws/build/patrol_robot/build/lib
[0.345s] creating /home/pes2ug23cs023/patrol_robot_ws/build/patrol_robot/build/lib/patrol_robot
[0.345s] copying patrol_robot/intruder_detector.py -> /home/pes2ug23cs023/patrol_robot_ws/build/patrol_robot/build/lib/patrol_robot
[0.345s] copying patrol_robot/setup.py -> /home/pes2ug23cs023/patrol_robot_ws/build/patrol_robot/build/lib/patrol_robot
[0.345s] copying patrol_robot/fake_scan.py -> /home/pes2ug23cs023/patrol_robot_ws/build/patrol_robot/build/lib/patrol_robot
[0.345s] copying patrol_robot/__init__.py -> /home/pes2ug23cs023/patrol_robot_ws/build/patrol_robot/build/lib/patrol_robot
[0.345s] running install
[0.345s] running install_lib
[0.346s] creating /home/pes2ug23cs023/patrol_robot_ws/install/patrol_robot/lib/python3.10/site-packages/patrol_robot
[0.346s] copying /home/pes2ug23cs023/patrol_robot_ws/build/patrol_robot/build/lib/patrol_robot/intruder_detector.py -> /home/pes2ug23cs023/patrol_robot_ws/install/patrol_robot/lib/python3.10/site-packages/patrol_robot
[0.346s] copying /home/pes2ug23cs023/patrol_robot_ws/build/patrol_robot/build/lib/patrol_robot/setup.py -> /home/pes2ug23cs023/patrol_robot_ws/install/patrol_robot/lib/python3.10/site-packages/patrol_robot
[0.346s] copying /home/pes2ug23cs023/patrol_robot_ws/build/patrol_robot/build/lib/patrol_robot/fake_scan.py -> /home/pes2ug23cs023/patrol_robot_ws/install/patrol_robot/lib/python3.10/site-packages/patrol_robot
[0.346s] copying /home/pes2ug23cs023/patrol_robot_ws/build/patrol_robot/build/lib/patrol_robot/__init__.py -> /home/pes2ug23cs023/patrol_robot_ws/install/patrol_robot/lib/python3.10/site-packages/patrol_robot
[0.346s] byte-compiling /home/pes2ug23cs023/patrol_robot_ws/install/patrol_robot/lib/python3.10/site-packages/patrol_robot/intruder_detector.py to intruder_detector.cpython-310.pyc
[0.346s] byte-compiling /home/pes2ug23cs023/patrol_robot_ws/install/patrol_robot/lib/python3.10/site-packages/patrol_robot/setup.py to setup.cpython-310.pyc
[0.346s] byte-compiling /home/pes2ug23cs023/patrol_robot_ws/install/patrol_robot/lib/python3.10/site-packages/patrol_robot/fake_scan.py to fake_scan.cpython-310.pyc
[0.347s] byte-compiling /home/pes2ug23cs023/patrol_robot_ws/install/patrol_robot/lib/python3.10/site-packages/patrol_robot/__init__.py to __init__.cpython-310.pyc
[0.347s] running install_egg_info
[0.347s] Copying ../../build/patrol_robot/patrol_robot.egg-info to /home/pes2ug23cs023/patrol_robot_ws/install/patrol_robot/lib/python3.10/site-packages/patrol_robot-0.0.0-py3.10.egg-info
[0.348s] running install_scripts
[0.355s] Installing fake_scan script to /home/pes2ug23cs023/patrol_robot_ws/install/patrol_robot/lib/patrol_robot
[0.356s] Installing intruder_detector script to /home/pes2ug23cs023/patrol_robot_ws/install/patrol_robot/lib/patrol_robot
[0.356s] writing list of installed files to '/home/pes2ug23cs023/patrol_robot_ws/build/patrol_robot/install.log'
[0.366s] Invoked command in '/home/pes2ug23cs023/patrol_robot_ws/src/patrol_robot' returned '0': PYTHONPATH=/home/pes2ug23cs023/patrol_robot_ws/build/patrol_robot/prefix_override:/usr/lib/python3/dist-packages/colcon_core/task/python/colcon_distutils_commands:/home/pes2ug23cs023/patrol_robot_ws/install/patrol_robot/lib/python3.10/site-packages:${PYTHONPATH} /usr/bin/python3 -W ignore:setup.py install is deprecated -W ignore:easy_install command is deprecated setup.py egg_info --egg-base ../../build/patrol_robot build --build-base /home/pes2ug23cs023/patrol_robot_ws/build/patrol_robot/build install --record /home/pes2ug23cs023/patrol_robot_ws/build/patrol_robot/install.log --single-version-externally-managed
