running develop
running egg_info
creating patrol_control.egg-info
writing patrol_control.egg-info/PKG-INFO
writing dependency_links to patrol_control.egg-info/dependency_links.txt
writing entry points to patrol_control.egg-info/entry_points.txt
writing requirements to patrol_control.egg-info/requires.txt
writing top-level names to patrol_control.egg-info/top_level.txt
writing manifest file 'patrol_control.egg-info/SOURCES.txt'
reading manifest file 'patrol_control.egg-info/SOURCES.txt'
writing manifest file 'patrol_control.egg-info/SOURCES.txt'
running build_ext
Creating /home/pes2ug23cs024/MAR_NIGHT_PATROL_ROBOT/install/patrol_control/lib/python3.10/site-packages/patrol-control.egg-link (link to .)
Installing control_node script to /home/pes2ug23cs024/MAR_NIGHT_PATROL_ROBOT/install/patrol_control/lib/patrol_control
Installing emergency_node script to /home/pes2ug23cs024/MAR_NIGHT_PATROL_ROBOT/install/patrol_control/lib/patrol_control
Installing patrol_controller script to /home/pes2ug23cs024/MAR_NIGHT_PATROL_ROBOT/install/patrol_control/lib/patrol_control
Installing teleop_node script to /home/pes2ug23cs024/MAR_NIGHT_PATROL_ROBOT/install/patrol_control/lib/patrol_control

Installed /home/pes2ug23cs024/MAR_NIGHT_PATROL_ROBOT/build/patrol_control
running symlink_data
creating /home/pes2ug23cs024/MAR_NIGHT_PATROL_ROBOT/install/patrol_control/share/ament_index
creating /home/pes2ug23cs024/MAR_NIGHT_PATROL_ROBOT/install/patrol_control/share/ament_index/resource_index
creating /home/pes2ug23cs024/MAR_NIGHT_PATROL_ROBOT/install/patrol_control/share/ament_index/resource_index/packages
symbolically linking /home/pes2ug23cs024/MAR_NIGHT_PATROL_ROBOT/build/patrol_control/resource/patrol_control -> /home/pes2ug23cs024/MAR_NIGHT_PATROL_ROBOT/install/patrol_control/share/ament_index/resource_index/packages
symbolically linking /home/pes2ug23cs024/MAR_NIGHT_PATROL_ROBOT/build/patrol_control/package.xml -> /home/pes2ug23cs024/MAR_NIGHT_PATROL_ROBOT/install/patrol_control/share/patrol_control
creating /home/pes2ug23cs024/MAR_NIGHT_PATROL_ROBOT/install/patrol_control/share/patrol_control/launch
symbolically linking /home/pes2ug23cs024/MAR_NIGHT_PATROL_ROBOT/build/patrol_control/launch/patrol.launch.py -> /home/pes2ug23cs024/MAR_NIGHT_PATROL_ROBOT/install/patrol_control/share/patrol_control/launch
creating /home/pes2ug23cs024/MAR_NIGHT_PATROL_ROBOT/install/patrol_control/share/patrol_control/config
symbolically linking /home/pes2ug23cs024/MAR_NIGHT_PATROL_ROBOT/build/patrol_control/config/patrol_params.yaml -> /home/pes2ug23cs024/MAR_NIGHT_PATROL_ROBOT/install/patrol_control/share/patrol_control/config
symbolically linking /home/pes2ug23cs024/MAR_NIGHT_PATROL_ROBOT/build/patrol_control/config/example_configs.yaml -> /home/pes2ug23cs024/MAR_NIGHT_PATROL_ROBOT/install/patrol_control/share/patrol_control/config
