[0.242s] Invoking command in '/home/pes2ug23cs024/MAR_NIGHT_PATROL_ROBOT/build/patrol_control': PYTHONPATH=/home/pes2ug23cs024/MAR_NIGHT_PATROL_ROBOT/build/patrol_control/prefix_override:/usr/lib/python3/dist-packages/colcon_core/task/python/colcon_distutils_commands:/home/pes2ug23cs024/MAR_NIGHT_PATROL_ROBOT/install/patrol_control/lib/python3.10/site-packages:${PYTHONPATH} /usr/bin/python3 -W ignore:setup.py install is deprecated -W ignore:easy_install command is deprecated setup.py develop --editable --build-directory /home/pes2ug23cs024/MAR_NIGHT_PATROL_ROBOT/build/patrol_control/build --no-deps symlink_data
[0.336s] running develop
[0.392s] running egg_info
[0.392s] writing patrol_control.egg-info/PKG-INFO
[0.393s] writing dependency_links to patrol_control.egg-info/dependency_links.txt
[0.393s] writing entry points to patrol_control.egg-info/entry_points.txt
[0.393s] writing requirements to patrol_control.egg-info/requires.txt
[0.393s] writing top-level names to patrol_control.egg-info/top_level.txt
[0.394s] reading manifest file 'patrol_control.egg-info/SOURCES.txt'
[0.394s] writing manifest file 'patrol_control.egg-info/SOURCES.txt'
[0.395s] running build_ext
[0.395s] Creating /home/pes2ug23cs024/MAR_NIGHT_PATROL_ROBOT/install/patrol_control/lib/python3.10/site-packages/patrol-control.egg-link (link to .)
[0.395s] Installing control_node script to /home/pes2ug23cs024/MAR_NIGHT_PATROL_ROBOT/install/patrol_control/lib/patrol_control
[0.395s] Installing emergency_node script to /home/pes2ug23cs024/MAR_NIGHT_PATROL_ROBOT/install/patrol_control/lib/patrol_control
[0.395s] Installing patrol_controller script to /home/pes2ug23cs024/MAR_NIGHT_PATROL_ROBOT/install/patrol_control/lib/patrol_control
[0.395s] Installing teleop_node script to /home/pes2ug23cs024/MAR_NIGHT_PATROL_ROBOT/install/patrol_control/lib/patrol_control
[0.395s] 
[0.395s] Installed /home/pes2ug23cs024/MAR_NIGHT_PATROL_ROBOT/build/patrol_control
[0.395s] running symlink_data
[0.407s] Invoked command in '/home/pes2ug23cs024/MAR_NIGHT_PATROL_ROBOT/build/patrol_control' returned '0': PYTHONPATH=/home/pes2ug23cs024/MAR_NIGHT_PATROL_ROBOT/build/patrol_control/prefix_override:/usr/lib/python3/dist-packages/colcon_core/task/python/colcon_distutils_commands:/home/pes2ug23cs024/MAR_NIGHT_PATROL_ROBOT/install/patrol_control/lib/python3.10/site-packages:${PYTHONPATH} /usr/bin/python3 -W ignore:setup.py install is deprecated -W ignore:easy_install command is deprecated setup.py develop --editable --build-directory /home/pes2ug23cs024/MAR_NIGHT_PATROL_ROBOT/build/patrol_control/build --no-deps symlink_data
